To honour the JVM settings for this build a single-use Daemon process will be forked. For more on this, please refer to https://docs.gradle.org/9.5.1/userguide/gradle_daemon.html#sec:disabling_the_daemon in the Gradle documentation.
Daemon will be stopped at the end of the build 

> Configure project :
Fabric Loom: 1.17.20

> Task :compileJava
> Task :processResources
> Task :classes
> Task :processIncludeJars
> Task :jar
> Task :sourcesJar
> Task :compileTestJava
> Task :processTestResources NO-SOURCE
> Task :testClasses

> Task :test

ConfigTest > invalidConfigFailsClearlyRatherThanResettingFile() PASSED

ConfigTest > missingConfigIsCreatedAndPartialOverridesKeepDefaults() PASSED

WelfareStateTest > fragmentedSleepDoesNotCountAsOneSufficientPhase() PASSED

WelfareStateTest > persistenceRetainsDebtStressAndPartialSleepWithoutOfflineCatchUp() PASSED

WelfareStateTest > penaltiesUseStrongerNotProductAndLowVolumeTradesSurviveUntilStrike() PASSED

WelfareStateTest > adequateRealSleepRecoversButAssignedBedAloneDoesNot() PASSED

WelfareStateTest > stressHasGraceAccumulatesAcrossScaresAndRecoversInCalm() PASSED

WelfareStateTest > skippedNightNeverGivesAwakeVillagerSleepCredit() PASSED

WelfareStateTest > tinySleepBeforeSkipIsNotEnoughAndDaytimeDoesNotCreateDebt() PASSED

WelfareStateTest > oneNightIsFreeTwoRestrictSixStrike() PASSED

> Task :assemble

[Incubating] Problems report is available at: file:///workspace/ethical-trading/build/reports/problems/problems-report.html

Deprecated Gradle features were used in this build, making it incompatible with Gradle 10.

You can use '--warning-mode all' to show the individual deprecation warnings and determine if they come from your own scripts or plugins.

For more on this, please refer to https://docs.gradle.org/9.5.1/userguide/command_line_interface.html#sec:command_line_warnings in the Gradle documentation.

BUILD SUCCESSFUL in 20s
7 actionable tasks: 7 executed
